// Jest Snapshot v1, https://goo.gl/fbAQLP

exports[`Server Unreachable Component should correctly render ServerUnreachable component 1`] = `
<div
  className="App"
>
  <header
    className="App-header"
  >
    <img
      alt="logo"
      className="App-logo"
      src="logo.svg"
    />
    <h1>
      El servidor no responde
    </h1>
  </header>
</div>
`;
