// Jest Snapshot v1, https://goo.gl/fbAQLP

exports[`Visits Counter component should correctly render Visits Counter component 1`] = `
<h1>
  Visitas totales: 5
</h1>
`;
